module ExprRecordAccessor where

foo = rec.a

bar = rec."A"

baz = rec.a."B".c
