module ExprRecord where

maybeFragments = { onHuman: pure
                            Nothing
                 , onDroid: pure
                            Nothing
                 , "Cyborg": pure
                             Nothing
                 }
